Using bundled DotNet SDK version: 10.0 win-x64
Running UnrealBuildTool: dotnet "..\..\Engine\Binaries\DotNET\UnrealBuildTool\UnrealBuildTool.dll" Rogue10mEditor Win64 Development -Project=D:\Project\Rogue10m\Rogue10m.uproject -WaitMutex -NoLiveCoding
Log file: C:\Users\PC\AppData\Local\UnrealBuildTool\Log.txt
Using 'git status' to determine working set for adaptive non-unity build (D:\Project\Rogue10m).
Invalidating makefile for Rogue10mEditor (source file added)
Building Rogue10mEditor...
===== Toolchain Information =====
Using ISPC compiler (D:\Program Files\UE_5.8\Engine\Source\ThirdParty\Intel\ISPC\bin\Windows\ispc.exe)
  Intel(r) Implicit SPMD Program Compiler (Intel(r) ISPC), 1.24.0 (build commit  @ 20250404, LLVM 18.1.2) 
Using Visual Studio 14.44.35228 toolchain (C:\Program Files\Microsoft Visual Studio\2022\Community\VC\Tools\MSVC\14.44.35207) and Windows 10.0.22621.0 SDK (C:\Program Files (x86)\Windows Kits\10).
[Adaptive Build] Excluded from Rogue10m unity file: Rogue10mCharacter.cpp, Rogue10mFistAnimInstance.cpp, Rogue10mStylizedCharacter.cpp, Rogue10mBasicBrawlerComponent.cpp, Rogue10mCharacterAnimationComponent.cpp, Rogue10mCombatComponent.cpp, Rogue10mFirstPersonPresentationComponent.cpp, Rogue10mHitFeedbackComponent.cpp, Rogue10mCameraManager.cpp, Rogue10mPlayerState.cpp, Rogue10mAttackSkillData.cpp, Rogue10mCharacterMotionDataAsset.cpp, Rogue10mFirstPersonArmsAuthoring.cpp, Rogue10mBasicMonster.cpp, Rogue10mArmsOnlyRuntimeTest.cpp, Rogue10mBasicBrawlerRuntimeTest.cpp, Rogue10mBoxingDirectPreviewRuntimeTest.cpp, Rogue10mBoxingFeedbackRuntimeTest.cpp, Rogue10mClassCombatPresentationRuntimeTest.cpp, Rogue10mFirstPersonFistRuntimeTest.cpp, Rogue10mHeadCameraRuntimeTest.cpp, Rogue10mMarteloPreviewRuntimeTest.cpp, Rogue10mResponsiveHUDRuntimeTest.cpp, Rogue10mWeaponSkillTreeRuntimeTest.cpp, Rogue10mRunHUD.cpp, Rogue10mAtlasImage.cpp, Rogue10mBottomHUDWidget.cpp, Rogue10mHudWidgetParts.cpp, Rogue10mMainHUDWidget.cpp, Rogue10mMenuWindowWidgets.cpp
=================================
Determining max actions to execute in parallel (8 physical cores, 16 logical cores)
  Executing up to 8 processes, one per physical core
Using Unreal Build Accelerator local executor to run 6 action(s)
UbaServer - Listening on 0.0.0.0:1345
  CPU 8 physical cores, 16 logical cores
  Memory 31.91 GB physical, 25.78 GB/79.91 GB committed
  UBA Storage capacity 40 GB
[1/6] Compile [x64] Rogue10mBoxingDirectPreviewRuntimeTest.cpp
[2/6] Compile [x64] Module.Rogue10m.3.cpp
[3/6] Compile [x64] Module.Rogue10m.2.cpp
[4/6] Link [x64] UnrealEditor-Rogue10m.lib
   D:/Project/Rogue10m/Intermediate/Build/Win64/x64/UnrealEditor/Development/Rogue10m/UnrealEditor-Rogue10m.lib 라이브러리 및 D:/Project/Rogue10m/Intermediate/Build/Win64/x64/UnrealEditor/Development/Rogue10m/UnrealEditor-Rogue10m.exp 개체를 생성하고 있습니다.
[5/6] Link [x64] UnrealEditor-Rogue10m.dll
[6/6] WriteMetadata Rogue10mEditor.target [NoUba]

Total time in Unreal Build Accelerator local executor: 13.96 seconds
Output binary: D:\Program Files\UE_5.8\Engine\Binaries\Win64\UnrealEditor.exe

Result: Succeeded
Total execution time: 17.60 seconds
Trace written to file C:\Users\PC\AppData\Local\UnrealBuildTool\Trace.uba with size 7.4kb
