ffmpeg version 6.0 Copyright (c) 2000-2023 the FFmpeg developers
  built with gcc 10.3.0 (Rev8, Built by MSYS2 project)
  configuration: --prefix=.. --disable-iconv --disable-opencl --disable-vulkan --disable-sdl2 --disable-bzlib --disable-lzma --disable-linux-perf --disable-xlib --enable-shared --enable-version3 --enable-runtime-cpudetect --enable-zlib --enable-libmp3lame --enable-libspeex --enable-libopencore-amrnb --enable-libopencore-amrwb --enable-libvo-amrwbenc --enable-openssl --enable-libopenh264 --enable-libvpx --enable-libfreetype --enable-libopus --enable-libxml2 --enable-libsrt --enable-libwebp --enable-libaom --enable-libsvtav1 --enable-cuda --enable-cuvid --enable-nvenc --enable-libmfx --enable-w32threads --enable-indev=dshow --target-os=mingw32 --cc='gcc -m64' --extra-cflags='-DLIBXML_STATIC -I../include/ -I../include/libxml2 -I../include/mfx/ -I../include/svt-av1' --extra-ldflags=-L../lib/ --extra-libs='-static-libgcc -static-libstdc++ -Wl,-Bstatic -lstdc++ -lgcc_eh -lWs2_32 -lcrypt32 -lpthread -lz -lm -Wl,-Bdynamic -lole32 -luuid'
  libavutil      58.  2.100 / 58.  2.100
  libavcodec     60.  3.100 / 60.  3.100
  libavformat    60.  3.100 / 60.  3.100
  libavdevice    60.  1.100 / 60.  1.100
  libavfilter     9.  3.100 /  9.  3.100
  libswscale      7.  1.100 /  7.  1.100
  libswresample   4. 10.100 /  4. 10.100
Input #0, image2, from 'tmp/boxing-direct/labeled/frame_%04d.png':
  Duration: 00:00:09.27, start: 0.000000, bitrate: N/A
  Stream #0:0: Video: png, rgb24(pc), 1280x720, 30 fps, 30 tbr, 30 tbn
Stream mapping:
  Stream #0:0 -> #0:0 (png (native) -> h264 (libopenh264))
Press [q] to stop, [?] for help
[libopenh264 @ 00000211dfbfc600] [OpenH264] this = 0x00000211e2cc3450, Warning:layerId(0) doesn't support profile(578), change to UNSPECIFIC profile
[libopenh264 @ 00000211dfbfc600] [OpenH264] this = 0x00000211e2cc3450, Warning:bEnableFrameSkip = 0,bitrate can't be controlled for RC_QUALITY_MODE,RC_BITRATE_MODE and RC_TIMESTAMP_MODE without enabling skip frame.
Output #0, mp4, to 'Feature/doc/images/boxing-direct-head-20260922/boxing-direct-head.mp4':
  Metadata:
    encoder         : Lavf60.3.100
  Stream #0:0: Video: h264 (avc1 / 0x31637661), yuv420p(tv, progressive), 1280x720, q=2-31, 4000 kb/s, 30 fps, 15360 tbn
    Metadata:
      encoder         : Lavc60.3.100 libopenh264
    Side data:
      cpb: bitrate max/min/avg: 4000000/0/4000000 buffer size: 0 vbv_delay: N/A
frame=    0 fps=0.0 q=-0.0 size=       0kB time=00:00:00.00 bitrate=N/A speed=   0x    
frame=   36 fps=0.0 q=-0.0 size=     512kB time=00:00:01.20 bitrate=3495.6kbits/s speed=2.14x    
frame=   69 fps= 65 q=-0.0 size=    1024kB time=00:00:02.30 bitrate=3647.4kbits/s speed=2.16x    
frame=  121 fps= 77 q=-0.0 size=    1536kB time=00:00:04.03 bitrate=3119.8kbits/s speed=2.56x    
frame=  153 fps= 73 q=-0.0 size=    2048kB time=00:00:05.10 bitrate=3289.7kbits/s speed=2.45x    
frame=  187 fps= 72 q=-0.0 size=    2560kB time=00:00:06.23 bitrate=3364.5kbits/s speed= 2.4x    
frame=  228 fps= 74 q=-0.0 size=    3072kB time=00:00:07.60 bitrate=3311.3kbits/s speed=2.45x    
[mp4 @ 00000211df4a9ac0] Starting second pass: moving the moov atom to the beginning of the file
frame=  278 fps= 78 q=-0.0 Lsize=    3856kB time=00:00:09.23 bitrate=3421.3kbits/s speed=2.58x    
video:3854kB audio:0kB subtitle:0kB other streams:0kB global headers:0kB muxing overhead: 0.050320%
