ffmpeg version 6.0 Copyright (c) 2000-2023 the FFmpeg developers
  built with gcc 10.3.0 (Rev8, Built by MSYS2 project)
  configuration: --prefix=.. --disable-iconv --disable-opencl --disable-vulkan --disable-sdl2 --disable-bzlib --disable-lzma --disable-linux-perf --disable-xlib --enable-shared --enable-version3 --enable-runtime-cpudetect --enable-zlib --enable-libmp3lame --enable-libspeex --enable-libopencore-amrnb --enable-libopencore-amrwb --enable-libvo-amrwbenc --enable-openssl --enable-libopenh264 --enable-libvpx --enable-libfreetype --enable-libopus --enable-libxml2 --enable-libsrt --enable-libwebp --enable-libaom --enable-libsvtav1 --enable-cuda --enable-cuvid --enable-nvenc --enable-libmfx --enable-w32threads --enable-indev=dshow --target-os=mingw32 --cc='gcc -m64' --extra-cflags='-DLIBXML_STATIC -I../include/ -I../include/libxml2 -I../include/mfx/ -I../include/svt-av1' --extra-ldflags=-L../lib/ --extra-libs='-static-libgcc -static-libstdc++ -Wl,-Bstatic -lstdc++ -lgcc_eh -lWs2_32 -lcrypt32 -lpthread -lz -lm -Wl,-Bdynamic -lole32 -luuid'
  libavutil      58.  2.100 / 58.  2.100
  libavcodec     60.  3.100 / 60.  3.100
  libavformat    60.  3.100 / 60.  3.100
  libavdevice    60.  1.100 / 60.  1.100
  libavfilter     9.  3.100 /  9.  3.100
  libswscale      7.  1.100 /  7.  1.100
  libswresample   4. 10.100 /  4. 10.100
Input #0, mov,mp4,m4a,3gp,3g2,mj2, from 'Feature/doc/images/boxing-direct-head-20260922/boxing-direct-head.mp4':
  Metadata:
    major_brand     : isom
    minor_version   : 512
    compatible_brands: isomiso2avc1mp41
    encoder         : Lavf60.3.100
  Duration: 00:00:09.27, start: 0.000000, bitrate: 3408 kb/s
  Stream #0:0[0x1](und): Video: h264 (Constrained Baseline) (avc1 / 0x31637661), yuv420p(tv, progressive), 1280x720, 3407 kb/s, 30 fps, 30 tbr, 15360 tbn (default)
    Metadata:
      handler_name    : VideoHandler
      vendor_id       : [0][0][0][0]
      encoder         : Lavc60.3.100 libopenh264
Input #1, mov,mp4,m4a,3gp,3g2,mj2, from 'Feature/doc/images/boxing-direct-head-20260922/boxing-direct-lookdown.mp4':
  Metadata:
    major_brand     : isom
    minor_version   : 512
    compatible_brands: isomiso2avc1mp41
    encoder         : Lavf60.3.100
  Duration: 00:00:09.27, start: 0.000000, bitrate: 3246 kb/s
  Stream #1:0[0x1](und): Video: h264 (Constrained Baseline) (avc1 / 0x31637661), yuv420p(tv, progressive), 1280x720, 3244 kb/s, 30 fps, 30 tbr, 15360 tbn (default)
    Metadata:
      handler_name    : VideoHandler
      vendor_id       : [0][0][0][0]
      encoder         : Lavc60.3.100 libopenh264
Stream mapping:
  Stream #0:0 (h264) -> scale:default
  Stream #1:0 (h264) -> scale:default
  hstack:default -> Stream #0:0 (libopenh264)
Press [q] to stop, [?] for help
[libopenh264 @ 000002bc9093b240] [OpenH264] this = 0x000002bc92caefa0, Warning:layerId(0) doesn't support profile(578), change to UNSPECIFIC profile
[libopenh264 @ 000002bc9093b240] [OpenH264] this = 0x000002bc92caefa0, Warning:bEnableFrameSkip = 0,bitrate can't be controlled for RC_QUALITY_MODE,RC_BITRATE_MODE and RC_TIMESTAMP_MODE without enabling skip frame.
Output #0, mp4, to 'Feature/doc/images/boxing-direct-head-20260922/boxing-direct-comparison.mp4':
  Metadata:
    major_brand     : isom
    minor_version   : 512
    compatible_brands: isomiso2avc1mp41
    encoder         : Lavf60.3.100
  Stream #0:0: Video: h264 (avc1 / 0x31637661), yuv420p(progressive), 1920x540, q=2-31, 6000 kb/s, 30 fps, 15360 tbn
    Metadata:
      encoder         : Lavc60.3.100 libopenh264
    Side data:
      cpb: bitrate max/min/avg: 6000000/0/6000000 buffer size: 0 vbv_delay: N/A
frame=    0 fps=0.0 q=-0.0 size=       0kB time=00:00:00.00 bitrate=N/A speed=   0x    
frame=   28 fps=0.0 q=-0.0 size=     512kB time=00:00:00.90 bitrate=4660.8kbits/s speed=1.69x    
frame=   58 fps= 56 q=-0.0 size=    1280kB time=00:00:01.90 bitrate=5519.0kbits/s speed=1.82x    
frame=  101 fps= 66 q=-0.0 size=    2048kB time=00:00:03.33 bitrate=5033.3kbits/s speed=2.16x    
frame=  138 fps= 68 q=-0.0 size=    2560kB time=00:00:04.60 bitrate=4559.1kbits/s speed=2.25x    
frame=  167 fps= 65 q=-0.0 size=    3328kB time=00:00:05.53 bitrate=4927.1kbits/s speed=2.16x    
frame=  196 fps= 64 q=-0.0 size=    4096kB time=00:00:06.50 bitrate=5162.3kbits/s speed=2.12x    
frame=  250 fps= 70 q=-0.0 size=    4864kB time=00:00:08.30 bitrate=4800.8kbits/s speed=2.32x    
[mp4 @ 000002bc9092eb40] Starting second pass: moving the moov atom to the beginning of the file
frame=  278 fps= 72 q=-0.0 Lsize=    5581kB time=00:00:09.23 bitrate=4951.8kbits/s speed= 2.4x    
video:5579kB audio:0kB subtitle:0kB other streams:0kB global headers:0kB muxing overhead: 0.035129%
