Input #0, image2, from 'tmp/fullbody/labeled/frame_%04d.png':
  Duration: 00:00:08.97, start: 0.000000, bitrate: N/A
  Stream #0:0: Video: png, rgb24(pc), 1280x720, 30 fps, 30 tbr, 30 tbn
Stream mapping:
  Stream #0:0 -> #0:0 (png (native) -> h264 (libopenh264))
Press [q] to stop, [?] for help
[libopenh264 @ 000001fc0b44d1c0] [OpenH264] this = 0x000001fc1110e470, Warning:layerId(0) doesn't support profile(578), change to UNSPECIFIC profile
[libopenh264 @ 000001fc0b44d1c0] [OpenH264] this = 0x000001fc1110e470, Warning:bEnableFrameSkip = 0,bitrate can't be controlled for RC_QUALITY_MODE,RC_BITRATE_MODE and RC_TIMESTAMP_MODE without enabling skip frame.
Output #0, mp4, to 'Feature/doc/images/full-body-first-person-20260922/full-body-first-person.mp4':
  Metadata:
    encoder         : Lavf60.3.100
  Stream #0:0: Video: h264 (avc1 / 0x31637661), yuv420p(tv, progressive), 1280x720, q=2-31, 4000 kb/s, 30 fps, 15360 tbn
    Metadata:
      encoder         : Lavc60.3.100 libopenh264
    Side data:
      cpb: bitrate max/min/avg: 4000000/0/4000000 buffer size: 0 vbv_delay: N/A
frame=    0 fps=0.0 q=-0.0 size=       0kB time=00:00:00.00 bitrate=N/A speed=   0x    
frame=   45 fps=0.0 q=-0.0 size=     512kB time=00:00:01.50 bitrate=2796.5kbits/s speed=2.72x    
frame=   83 fps= 79 q=-0.0 size=    1280kB time=00:00:02.76 bitrate=3790.2kbits/s speed=2.63x    
frame=  131 fps= 83 q=-0.0 size=    1792kB time=00:00:04.36 bitrate=3361.9kbits/s speed=2.78x    
frame=  175 fps= 84 q=-0.0 size=    2560kB time=00:00:05.83 bitrate=3595.2kbits/s speed=2.81x    
frame=  246 fps= 95 q=-0.0 size=    3584kB time=00:00:08.20 bitrate=3580.6kbits/s speed=3.18x    
[mp4 @ 000001fc0d2b1d80] Starting second pass: moving the moov atom to the beginning of the file
frame=  269 fps= 95 q=-0.0 Lsize=    4085kB time=00:00:08.93 bitrate=3745.8kbits/s speed=3.15x    
video:4083kB audio:0kB subtitle:0kB other streams:0kB global headers:0kB muxing overhead: 0.047024%
