Input #0, image2, from 'tmp\boxing-reference\frames\frame_%04d.png':
  Duration: 00:00:01.77, start: 0.000000, bitrate: N/A
  Stream #0:0: Video: png, rgb24(pc), 1040x600, 30 fps, 30 tbr, 30 tbn
Stream mapping:
  Stream #0:0 -> #0:0 (png (native) -> h264 (libopenh264))
Press [q] to stop, [?] for help
[libopenh264 @ 000001fba3f2ac00] [OpenH264] this = 0x000001fba5fd8fb0, Warning:layerId(0) doesn't support profile(578), change to UNSPECIFIC profile
[libopenh264 @ 000001fba3f2ac00] [OpenH264] this = 0x000001fba5fd8fb0, Warning:bEnableFrameSkip = 0,bitrate can't be controlled for RC_QUALITY_MODE,RC_BITRATE_MODE and RC_TIMESTAMP_MODE without enabling skip frame.
Output #0, mp4, to 'Feature\doc\images\boxing-reference-20260922\boxing-original-motion.mp4':
  Metadata:
    encoder         : Lavf60.3.100
  Stream #0:0: Video: h264 (avc1 / 0x31637661), yuv420p(tv, progressive), 1040x600, q=2-31, 3000 kb/s, 30 fps, 15360 tbn
    Metadata:
      encoder         : Lavc60.3.100 libopenh264
    Side data:
      cpb: bitrate max/min/avg: 3000000/0/3000000 buffer size: 0 vbv_delay: N/A
frame=    0 fps=0.0 q=-0.0 size=       0kB time=00:00:00.00 bitrate=N/A speed=   0x    
[mp4 @ 000001fba3f2d380] Starting second pass: moving the moov atom to the beginning of the file
frame=   53 fps=0.0 q=-0.0 Lsize=     496kB time=00:00:01.73 bitrate=2341.9kbits/s speed=3.94x    
video:495kB audio:0kB subtitle:0kB other streams:0kB global headers:0kB muxing overhead: 0.205183%
