Input #0, image2, from 'tmp/martelo-game/labeled/frame_%04d.png':
  Duration: 00:00:06.97, start: 0.000000, bitrate: N/A
  Stream #0:0: Video: png, rgb24(pc), 1280x720, 30 fps, 30 tbr, 30 tbn
Stream mapping:
  Stream #0:0 -> #0:0 (png (native) -> h264 (libopenh264))
Press [q] to stop, [?] for help
[libopenh264 @ 000002a0a99fd1c0] [OpenH264] this = 0x000002a0af515ed0, Warning:layerId(0) doesn't support profile(578), change to UNSPECIFIC profile
[libopenh264 @ 000002a0a99fd1c0] [OpenH264] this = 0x000002a0af515ed0, Warning:bEnableFrameSkip = 0,bitrate can't be controlled for RC_QUALITY_MODE,RC_BITRATE_MODE and RC_TIMESTAMP_MODE without enabling skip frame.
Output #0, mp4, to 'Feature/doc/images/martelo-first-person-20260922/martelo-first-person.mp4':
  Metadata:
    encoder         : Lavf60.3.100
  Stream #0:0: Video: h264 (avc1 / 0x31637661), yuv420p(tv, progressive), 1280x720, q=2-31, 4000 kb/s, 30 fps, 15360 tbn
    Metadata:
      encoder         : Lavc60.3.100 libopenh264
    Side data:
      cpb: bitrate max/min/avg: 4000000/0/4000000 buffer size: 0 vbv_delay: N/A
frame=    0 fps=0.0 q=-0.0 size=       0kB time=00:00:00.00 bitrate=N/A speed=   0x    
frame=   73 fps=0.0 q=-0.0 size=     768kB time=00:00:02.43 bitrate=2585.7kbits/s speed=4.44x    
frame=  157 fps=150 q=-0.0 size=    1792kB time=00:00:05.23 bitrate=2805.2kbits/s speed=4.98x    
[mp4 @ 000002a0abb39b80] Starting second pass: moving the moov atom to the beginning of the file
frame=  209 fps=157 q=-0.0 Lsize=    2509kB time=00:00:06.93 bitrate=2963.9kbits/s speed=5.21x    
video:2507kB audio:0kB subtitle:0kB other streams:0kB global headers:0kB muxing overhead: 0.065991%
