Log started at 09/10/2026 02:18:32 (2026-09-09T17:18:32Z)
Resolved project argument D:\Project\Rogue10m\Rogue10m.uproject to D:\Project\Rogue10m\Rogue10m.uproject
No config file at C:\ProgramData\Unreal Engine\UnrealBuildTool\BuildConfiguration.xml
No config file at C:\Users\PC\AppData\Local\Unreal Engine\UnrealBuildTool\BuildConfiguration.xml
No config file at C:\Users\PC\Documents\Unreal Engine\UnrealBuildTool\BuildConfiguration.xml
Configuration will be read from:
  C:\Users\PC\AppData\Roaming\Unreal Engine\UnrealBuildTool\BuildConfiguration.xml
Reading configuration file from cache (D:\Project\Rogue10m\Intermediate\Build\XmlConfigCache.bin): C:\Users\PC\AppData\Roaming\Unreal Engine\UnrealBuildTool\BuildConfiguration.xml
Reading configuration file from cache (D:\Project\Rogue10m\Intermediate\Build\XmlConfigCache.bin): D:\Project\Rogue10m\Saved\UnrealBuildTool\BuildConfiguration.xml
Reading configuration file from cache (D:\Project\Rogue10m\Intermediate\Build\XmlConfigCache.bin): C:\Users\PC\AppData\Local\UnrealEngine\Intermediate\Build\UnrealBuildTool.Env.BuildConfiguration.xml
Setting temp directory to 'C:\Users\PC\AppData\Local\Temp\UnrealBuildTool\e98283ba'
    Registering build platform: UnrealBuildTool.AndroidPlatformFactory
Unable to find valid SDK(s) for Android:
  Found Sdk Version=r25b, MinRequired=r27c, MaxRequired=r29.
  Found AutoSdk Version, Required=r27c.
        Registering build platform: Android - buildable: False
    Registering build platform: UnrealBuildTool.IOSPlatformFactory
    Registering build platform: UnrealBuildTool.LinuxPlatformFactory
    Registering build platform: UnrealBuildTool.MacPlatformFactory
    Registering build platform: UnrealBuildTool.TVOSPlatformFactory
    Registering build platform: UnrealBuildTool.WindowsPlatformFactory
Found Windows 10 SDK root at C:\Program Files (x86)\Windows Kits\10 (1)
Found Windows 10 SDK root at C:\Program Files (x86)\Windows Kits\10 (2)
Found Universal CRT version 10.0.10240.0 at C:\Program Files (x86)\Windows Kits\10
Found Windows 10 SDK version 10.0.17763.0 at C:\Program Files (x86)\Windows Kits\10
Found Universal CRT version 10.0.17763.0 at C:\Program Files (x86)\Windows Kits\10
Found Windows 10 SDK version 10.0.19041.0 at C:\Program Files (x86)\Windows Kits\10
Found Universal CRT version 10.0.19041.0 at C:\Program Files (x86)\Windows Kits\10
Found Windows 10 SDK version 10.0.22621.0 at C:\Program Files (x86)\Windows Kits\10
Found Universal CRT version 10.0.22621.0 at C:\Program Files (x86)\Windows Kits\10
Found Windows 10 SDK version 10.0.26100.0 at C:\Program Files (x86)\Windows Kits\10
Found Universal CRT version 10.0.26100.0 at C:\Program Files (x86)\Windows Kits\10
Win64 Installed SDK(s): MinVersion_Sdk=10.0.19041.0, MaxVersion_Sdk=10.9.99999.0, CurrentVersion_Sdk=10.0.22621.0, Version_AutoSdk=10.0.22621.0, CurrentVersion_AutoSdk=
        Registering build platform: Win64 - buildable: True
    Registering build platform: UnrealBuildTool.VisionOSPlatformFactory
Command line: "D:\Program Files\UE_5.8\Engine\Binaries\DotNET\UnrealBuildTool\UnrealBuildTool.dll" Rogue10mEditor Win64 Development -Project=D:\Project\Rogue10m\Rogue10m.uproject -WaitMutex -NoLiveCoding
Log file: C:\Users\PC\AppData\Local\UnrealBuildTool\Log.txt
Deleting old log file: C:\Users\PC\AppData\Local\UnrealBuildTool\Log-backup-2026.09.08-17.21.58.txt
Deleting old log file: C:\Users\PC\AppData\Local\UnrealBuildTool\Log-backup-2026.09.08-17.21.58.json

Using 'git status' to determine working set for adaptive non-unity build (D:\Project\Rogue10m).
Skipping D:\Program Files\UE_5.8\Engine\Intermediate\Build\BuildRules\UE5Rules.dll: File is installed
Skipping D:\Program Files\UE_5.8\Engine\Intermediate\Build\BuildRules\UE5ProgramRules.dll: File is installed
Building UnrealEditor - Rogue10mEditor - Win64 - Development
Generated code is up to date.
Checking for live coding mutex: Global\LiveCoding_D++Program Files+UE_5.8+Engine+Binaries+Win64+UnrealEditor.exe
Deleting outdated item: D:\Project\Rogue10m\Binaries\Win64\UnrealEditor-Rogue10m.pdb
Deleting outdated item: D:\Project\Rogue10m\Intermediate\Build\Win64\x64\UnrealEditor\Development\Rogue10m\UnrealEditor-Rogue10m.lib
Building Rogue10mEditor...
===== Toolchain Information =====
Using ISPC compiler (D:\Program Files\UE_5.8\Engine\Source\ThirdParty\Intel\ISPC\bin\Windows\ispc.exe)
  Intel(r) Implicit SPMD Program Compiler (Intel(r) ISPC), 1.24.0 (build commit  @ 20250404, LLVM 18.1.2) 
Using Visual Studio 14.44.35228 toolchain (C:\Program Files\Microsoft Visual Studio\2022\Community\VC\Tools\MSVC\14.44.35207) and Windows 10.0.22621.0 SDK (C:\Program Files (x86)\Windows Kits\10).
[Adaptive Build] Excluded from Rogue10m unity file: Rogue10mCharacter.cpp, Rogue10mFistAnimInstance.cpp, Rogue10mStylizedCharacter.cpp, Rogue10mBasicBrawlerComponent.cpp, Rogue10mCharacterAnimationComponent.cpp, Rogue10mCombatComponent.cpp, Rogue10mFirstPersonPresentationComponent.cpp, Rogue10mCameraManager.cpp, Rogue10mPlayerState.cpp, Rogue10mAttackSkillData.cpp, Rogue10mCharacterMotionDataAsset.cpp, Rogue10mBasicMonster.cpp, Rogue10mBasicBrawlerRuntimeTest.cpp, Rogue10mClassCombatPresentationRuntimeTest.cpp, Rogue10mFirstPersonFistRuntimeTest.cpp, Rogue10mResponsiveHUDRuntimeTest.cpp, Rogue10mWeaponSkillTreeRuntimeTest.cpp, Rogue10mRunHUD.cpp, Rogue10mAtlasImage.cpp, Rogue10mBottomHUDWidget.cpp, Rogue10mHudWidgetParts.cpp, Rogue10mMainHUDWidget.cpp, Rogue10mMenuWindowWidgets.cpp
=================================
Determining max actions to execute in parallel (8 physical cores, 16 logical cores)
  Executing up to 8 processes, one per physical core
Using Unreal Build Accelerator local executor to run 4 action(s)
UbaStorageServer - Database loaded from C:\ProgramData\Epic\UnrealBuildAccelerator\cas\casdb (v32) in <1ms (contained 0 entries estimated to 0b)
UbaServer - Listening on 0.0.0.0:1345
  CPU 8 physical cores, 16 logical cores
  Memory 31.91 GB physical, 27.5 GB/79.91 GB committed
  UBA Storage capacity 40 GB
  UBA RootDir C:\ProgramData\Epic\UnrealBuildAccelerator
Cache bucket 1079461819 used. Action: Compile [x64] Rogue10mBasicBrawlerRuntimeTest.cpp ()
Cache bucket 416513229 used. Action: Link [x64] UnrealEditor-Rogue10m.dll ()
All processes queued
[1/4] Compile [x64] Rogue10mBasicBrawlerRuntimeTest.cpp
[2/4] Link [x64] UnrealEditor-Rogue10m.lib
   D:/Project/Rogue10m/Intermediate/Build/Win64/x64/UnrealEditor/Development/Rogue10m/UnrealEditor-Rogue10m.lib 라이브러리 및 D:/Project/Rogue10m/Intermediate/Build/Win64/x64/UnrealEditor/Development/Rogue10m/UnrealEditor-Rogue10m.exp 개체를 생성하고 있습니다.
[3/4] Link [x64] UnrealEditor-Rogue10m.dll
[4/4] WriteMetadata Rogue10mEditor.target [NoUba]

Total time in Unreal Build Accelerator local executor: 6.92 seconds
UbaStorageServer - Database saved in 1ms (0 file entries, 0 cas entries. deleted 0 dropped cas files)
Output binary: D:\Program Files\UE_5.8\Engine\Binaries\Win64\UnrealEditor.exe
WriteFileIfChanged() wrote 0 changed files of 1 requested writes.

Timeline:
[  0.000]  +0.305 Main
   0.015          [  0.015]  +0.090 Apply XmlConfig
   0.108          [  0.108]  +0.056 AddTelemetry
   0.183          [  0.183]  +0.121 RegisterPlatforms
[  0.360]  +0.030 ParseCommandLine
[  0.391]  +0.345 <unknown>
[  0.737]  +0.197 LoadMakefile
   0.738          [  0.000]  +0.148 EngineRulesPlugins
   0.889          [  0.152]  +0.017 EngineRulesFetchDirs
   0.914          [  0.177]  +0.009 EngineRulesAssembly
   0.923          [  0.186]  +0.001 ProgramRulesAssembly
   0.925          [  0.187]  +0.004 ProjectRulesAssembly
   0.929          [  0.192]  +0.251 CreateTargetRules
   0.940             0.203          [  0.011]  +0.000 FindPlugins
   0.947             0.209          [  0.017]  +0.063 MakefileValid
[  0.934]  +0.311 <unknown>
[  1.246]  +0.005 CppDependencyCache
[  1.262]  +0.071 Rogue10mEditor Win64 Development
[  1.335]  +0.020 UHTWait
   1.336          [  0.000]  +0.018 UHTManifest
   1.355          [  0.019]  +0.018 UHTTimestamps
[  1.380]  +0.003 CppDependencyCache
[  1.384]  +0.084 Preparing ActionGraph
   1.409          [  0.025]  +0.005 LinkActions
   1.414             0.030          [  0.004]  +0.000 DetectActionGraphCycles
   1.415          [  0.030]  +0.000 GatherPrerequisiteActions
   1.416          [  0.032]  +0.000 CppDependencyCacheWait
   1.417          [  0.032]  +0.033 GatherOutdatedActions
   1.454          [  0.069]  +0.007 LinkActions
   1.454             0.069          [  0.000]  +0.000 DetectActionGraphCycles
   1.463          [  0.078]  +0.003 DeleteOutdatedProducedItems
   1.467          [  0.082]  +0.001 SaveActionHistory
   1.468          [  0.084]  +0.000 CreateDirectoriesForProducedItems
[  1.493]  +0.118 GarbageCollect
[  1.612]  +6.804 <unknown>
[  8.416]  +0.000 DisconnectCache
[  8.419]  +0.012 SaveCasTable
[  8.433]  +0.000 Deploying targets
[  8.437]  +0.127 Saving caches
[  8.565]  +0.003 TelemetryService.FlushEvents
[  8.569]

Result: Succeeded
Total execution time: 8.57 seconds
