Input #0, image2, from 'Saved/Screenshots/WindowsEditor/BasicBrawlerPreview/frame_%04d.png':
  Duration: 00:00:10.00, start: 0.000000, bitrate: N/A
  Stream #0:0: Video: png, rgba(pc), 1280x720, 30 fps, 30 tbr, 30 tbn
Stream mapping:
  Stream #0:0 -> #0:0 (png (native) -> h264 (libopenh264))
Press [q] to stop, [?] for help
[libopenh264 @ 000001c671431580] [OpenH264] this = 0x000001c67320f2e0, Warning:layerId(0) doesn't support profile(578), change to UNSPECIFIC profile
[libopenh264 @ 000001c671431580] [OpenH264] this = 0x000001c67320f2e0, Warning:bEnableFrameSkip = 0,bitrate can't be controlled for RC_QUALITY_MODE,RC_BITRATE_MODE and RC_TIMESTAMP_MODE without enabling skip frame.
Output #0, mp4, to 'Feature/doc/images/boxing-combos-20260912/boxing-combat.mp4':
  Metadata:
    encoder         : Lavf60.3.100
  Stream #0:0: Video: h264 (avc1 / 0x31637661), yuv420p(tv, progressive), 1280x720, q=2-31, 4000 kb/s, 30 fps, 15360 tbn
    Metadata:
      encoder         : Lavc60.3.100 libopenh264
    Side data:
      cpb: bitrate max/min/avg: 4000000/0/4000000 buffer size: 0 vbv_delay: N/A
frame=    0 fps=0.0 q=-0.0 size=       0kB time=00:00:00.00 bitrate=N/A speed=   0x    
frame=   50 fps=0.0 q=-0.0 size=     512kB time=00:00:01.66 bitrate=2516.8kbits/s speed=3.18x    
frame=  111 fps=108 q=-0.0 size=    1280kB time=00:00:03.70 bitrate=2834.1kbits/s speed=3.61x    
frame=  161 fps=105 q=-0.0 size=    2048kB time=00:00:05.36 bitrate=3126.3kbits/s speed= 3.5x    
frame=  205 fps=101 q=-0.0 size=    2816kB time=00:00:06.83 bitrate=3376.0kbits/s speed=3.35x    
frame=  258 fps=101 q=-0.0 size=    3584kB time=00:00:08.60 bitrate=3414.0kbits/s speed=3.38x    
[mp4 @ 000001c66f96c980] Starting second pass: moving the moov atom to the beginning of the file
frame=  300 fps=102 q=-0.0 Lsize=    4416kB time=00:00:09.96 bitrate=3629.4kbits/s speed=3.37x    
video:4414kB audio:0kB subtitle:0kB other streams:0kB global headers:0kB muxing overhead: 0.046243%
