warning: in the working copy of '.gitignore', LF will be replaced by CRLF the next time Git touches it
warning: in the working copy of 'Docs/CharacterDataOwnership.md', LF will be replaced by CRLF the next time Git touches it
warning: in the working copy of 'Docs/SprintChangeLog.md', LF will be replaced by CRLF the next time Git touches it
warning: in the working copy of 'Rogue10m.uproject', LF will be replaced by CRLF the next time Git touches it
warning: in the working copy of 'Scripts/Editor/CreateInheritedCharacterAssets.py', LF will be replaced by CRLF the next time Git touches it
warning: in the working copy of 'Scripts/Editor/ValidateInheritedCharacterAssets.py', LF will be replaced by CRLF the next time Git touches it
warning: in the working copy of 'Source/Rogue10m/Character/Rogue10mCharacter.h', LF will be replaced by CRLF the next time Git touches it
warning: in the working copy of 'Source/Rogue10m/Character/Rogue10mStylizedCharacter.cpp', LF will be replaced by CRLF the next time Git touches it
warning: in the working copy of 'Source/Rogue10m/Character/Rogue10mStylizedCharacter.h', LF will be replaced by CRLF the next time Git touches it
warning: in the working copy of 'Source/Rogue10m/Rogue10m.Build.cs', LF will be replaced by CRLF the next time Git touches it
warning: in the working copy of 'Source/Rogue10m/UI/Widgets/Rogue10mMainHUDWidget.cpp', LF will be replaced by CRLF the next time Git touches it
warning: in the working copy of 'Source/Rogue10m/UI/Widgets/Rogue10mMainHUDWidget.h', LF will be replaced by CRLF the next time Git touches it
Binary Unreal assets changed. Confirm they were edited in Unreal Editor:
Content/Character/Customization/Characters/BP_Rogue10m_DwarfFemaleCharacter.uasset
Content/Character/Customization/Characters/BP_Rogue10m_DwarfMaleCharacter.uasset
Content/Character/Customization/Characters/BP_Rogue10m_HumanFemaleCharacter.uasset
Content/Character/Customization/Characters/BP_Rogue10m_HumanMaleCharacter.uasset
Content/Character/Customization/Characters/BP_Rogue10m_OrcFemaleCharacter.uasset
Content/Character/Customization/Characters/BP_Rogue10m_OrcMaleCharacter.uasset
Content/Characters/Mannequins/Meshes/SK_Mannequin.uasset
Content/CombatMagicAnims/Demo/Mannequins/Meshes/SK_Mannequin.uasset
Content/DataAsset/AttackSkill/StoneFist/DA_Attack_StoneFist_ChargedShockwave.uasset
Content/DataAsset/AttackSkill/StoneFist/DA_Attack_StoneFist_Jab.uasset
Content/DataAsset/AttackSkill/StoneFist/DA_Attack_StoneFist_JumpSlam.uasset
Content/DataAsset/AttackSkill/StoneFist/DA_Attack_StoneFist_Straight.uasset
Content/DataAsset/AttackSkill/Unarmed/DA_Attack_Unarmed_ChargedPrimary.uasset
Content/DataAsset/AttackSkill/Unarmed/DA_Attack_Unarmed_ChargedSpecial.uasset
Content/DataAsset/AttackSkill/Unarmed/DA_Attack_Unarmed_JumpPrimary.uasset
Content/DataAsset/AttackSkill/Unarmed/DA_Attack_Unarmed_JumpSpecial.uasset
Content/DataAsset/AttackSkill/Unarmed/DA_Attack_Unarmed_Primary.uasset
Content/DataAsset/AttackSkill/Unarmed/DA_Attack_Unarmed_Primary_Combo2.uasset
Content/DataAsset/AttackSkill/Unarmed/DA_Attack_Unarmed_Primary_Combo3.uasset
Content/DataAsset/AttackSkill/Unarmed/DA_Attack_Unarmed_Special.uasset
Content/DataAsset/Character/DA_Character_Default.uasset
Content/DataAsset/SkillProfile/DA_SkillProfile_StoneFist.uasset
Content/DataAsset/SkillProfile/DA_SkillProfile_Unarmed.uasset
Content/Widget/Component/Inventory/WBP_InventoryCell.uasset
Content/Widget/Component/Inventory/WBP_InventoryWindow.uasset
Content/Widget/Component/SkillTree/WBP_SkillTreeEntry.uasset
Content/Widget/Component/SkillTree/WBP_SkillTreeWindow.uasset
Content/Widget/Parts/WBP_Identity.uasset
Content/Widget/Parts/WBP_ItemSlotPanel.uasset
Content/Widget/Parts/WBP_LevelExperiencePanel.uasset
Content/Widget/Parts/WBP_MonsterInfo.uasset
Content/Widget/Parts/WBP_QuickSlot.uasset
Content/Widget/Parts/WBP_SkillSlotPanel.uasset
Content/Widget/Parts/WBP_SystemLogPanel.uasset
Content/Widget/Parts/WBP_VitalBar.uasset
Content/Widget/WBP_Rogue10mMainHUD.uasset
Harness path check passed.
